[2025-10-20 16:47:27] testing.ERROR: Custom token generator returned non-string value {"exception":"[object] (InvalidArgumentException(code: 0): Custom token generator returned non-string value at /home/joaopalopes/Development/Pijler/personal-tokens/src/TokenCreator.php:100)
[stacktrace]
#0 /home/joaopalopes/Development/Pijler/personal-tokens/tests/Unit/TokenCreatorTest.php(124): PersonalTokens\\TokenCreator::createPlainTextToken()
#1 /home/joaopalopes/Development/Pijler/personal-tokens/vendor/laravel/framework/src/Illuminate/Foundation/helpers.php(803): P\\Tests\\Unit\\TokenCreatorTest->{closure:{closure:/home/joaopalopes/Development/Pijler/personal-tokens/tests/Unit/TokenCreatorTest.php:121}:124}()
#2 /home/joaopalopes/Development/Pijler/personal-tokens/tests/Unit/TokenCreatorTest.php(124): rescue()
#3 /home/joaopalopes/Development/Pijler/personal-tokens/vendor/pestphp/pest/src/Factories/TestCaseMethodFactory.php(168): P\\Tests\\Unit\\TokenCreatorTest->{closure:/home/joaopalopes/Development/Pijler/personal-tokens/tests/Unit/TokenCreatorTest.php:121}()
#4 [internal function]: P\\Tests\\Unit\\TokenCreatorTest->{closure:Pest\\Factories\\TestCaseMethodFactory::getClosure():158}()
#5 /home/joaopalopes/Development/Pijler/personal-tokens/vendor/pestphp/pest/src/Concerns/Testable.php(429): call_user_func_array()
#6 /home/joaopalopes/Development/Pijler/personal-tokens/vendor/pestphp/pest/src/Support/ExceptionTrace.php(26): P\\Tests\\Unit\\TokenCreatorTest->{closure:Pest\\Concerns\\Testable::__callClosure():429}()
#7 /home/joaopalopes/Development/Pijler/personal-tokens/vendor/pestphp/pest/src/Concerns/Testable.php(429): Pest\\Support\\ExceptionTrace::ensure()
#8 /home/joaopalopes/Development/Pijler/personal-tokens/vendor/pestphp/pest/src/Concerns/Testable.php(331): P\\Tests\\Unit\\TokenCreatorTest->__callClosure()
#9 /home/joaopalopes/Development/Pijler/personal-tokens/vendor/pestphp/pest/src/Factories/TestCaseFactory.php(169) : eval()'d code(134): P\\Tests\\Unit\\TokenCreatorTest->__runTest()
#10 /home/joaopalopes/Development/Pijler/personal-tokens/vendor/phpunit/phpunit/src/Framework/TestCase.php(1317): P\\Tests\\Unit\\TokenCreatorTest->__pest_evaluable_it_should_handle_null_from_custom_generator()
#11 /home/joaopalopes/Development/Pijler/personal-tokens/vendor/phpunit/phpunit/src/Framework/TestCase.php(517): PHPUnit\\Framework\\TestCase->runTest()
#12 /home/joaopalopes/Development/Pijler/personal-tokens/vendor/phpunit/phpunit/src/Framework/TestRunner/TestRunner.php(99): PHPUnit\\Framework\\TestCase->runBare()
#13 /home/joaopalopes/Development/Pijler/personal-tokens/vendor/phpunit/phpunit/src/Framework/TestCase.php(357): PHPUnit\\Framework\\TestRunner->run()
#14 /home/joaopalopes/Development/Pijler/personal-tokens/vendor/phpunit/phpunit/src/Framework/TestSuite.php(374): PHPUnit\\Framework\\TestCase->run()
#15 /home/joaopalopes/Development/Pijler/personal-tokens/vendor/phpunit/phpunit/src/Framework/TestSuite.php(374): PHPUnit\\Framework\\TestSuite->run()
#16 /home/joaopalopes/Development/Pijler/personal-tokens/vendor/phpunit/phpunit/src/Framework/TestSuite.php(374): PHPUnit\\Framework\\TestSuite->run()
#17 /home/joaopalopes/Development/Pijler/personal-tokens/vendor/phpunit/phpunit/src/TextUI/TestRunner.php(64): PHPUnit\\Framework\\TestSuite->run()
#18 /home/joaopalopes/Development/Pijler/personal-tokens/vendor/phpunit/phpunit/src/TextUI/Application.php(229): PHPUnit\\TextUI\\TestRunner->run()
#19 /home/joaopalopes/Development/Pijler/personal-tokens/vendor/pestphp/pest/src/Kernel.php(103): PHPUnit\\TextUI\\Application->run()
#20 /home/joaopalopes/Development/Pijler/personal-tokens/vendor/pestphp/pest/bin/pest(184): Pest\\Kernel->handle()
#21 /home/joaopalopes/Development/Pijler/personal-tokens/vendor/pestphp/pest/bin/pest(192): {closure:/home/joaopalopes/Development/Pijler/personal-tokens/vendor/pestphp/pest/bin/pest:18}()
#22 /home/joaopalopes/Development/Pijler/personal-tokens/vendor/bin/pest(119): include('...')
#23 {main}
"} 
[2025-10-20 16:47:27] testing.ERROR: Generator error {"exception":"[object] (Exception(code: 0): Generator error at /home/joaopalopes/Development/Pijler/personal-tokens/tests/Unit/TokenCreatorTest.php:132)
[stacktrace]
#0 /home/joaopalopes/Development/Pijler/personal-tokens/src/TokenCreator.php(97): P\\Tests\\Unit\\TokenCreatorTest->{closure:{closure:/home/joaopalopes/Development/Pijler/personal-tokens/tests/Unit/TokenCreatorTest.php:130}:131}()
#1 /home/joaopalopes/Development/Pijler/personal-tokens/tests/Unit/TokenCreatorTest.php(135): PersonalTokens\\TokenCreator::createPlainTextToken()
#2 /home/joaopalopes/Development/Pijler/personal-tokens/vendor/laravel/framework/src/Illuminate/Foundation/helpers.php(803): P\\Tests\\Unit\\TokenCreatorTest->{closure:{closure:/home/joaopalopes/Development/Pijler/personal-tokens/tests/Unit/TokenCreatorTest.php:130}:135}()
#3 /home/joaopalopes/Development/Pijler/personal-tokens/tests/Unit/TokenCreatorTest.php(135): rescue()
#4 /home/joaopalopes/Development/Pijler/personal-tokens/vendor/pestphp/pest/src/Factories/TestCaseMethodFactory.php(168): P\\Tests\\Unit\\TokenCreatorTest->{closure:/home/joaopalopes/Development/Pijler/personal-tokens/tests/Unit/TokenCreatorTest.php:130}()
#5 [internal function]: P\\Tests\\Unit\\TokenCreatorTest->{closure:Pest\\Factories\\TestCaseMethodFactory::getClosure():158}()
#6 /home/joaopalopes/Development/Pijler/personal-tokens/vendor/pestphp/pest/src/Concerns/Testable.php(429): call_user_func_array()
#7 /home/joaopalopes/Development/Pijler/personal-tokens/vendor/pestphp/pest/src/Support/ExceptionTrace.php(26): P\\Tests\\Unit\\TokenCreatorTest->{closure:Pest\\Concerns\\Testable::__callClosure():429}()
#8 /home/joaopalopes/Development/Pijler/personal-tokens/vendor/pestphp/pest/src/Concerns/Testable.php(429): Pest\\Support\\ExceptionTrace::ensure()
#9 /home/joaopalopes/Development/Pijler/personal-tokens/vendor/pestphp/pest/src/Concerns/Testable.php(331): P\\Tests\\Unit\\TokenCreatorTest->__callClosure()
#10 /home/joaopalopes/Development/Pijler/personal-tokens/vendor/pestphp/pest/src/Factories/TestCaseFactory.php(169) : eval()'d code(143): P\\Tests\\Unit\\TokenCreatorTest->__runTest()
#11 /home/joaopalopes/Development/Pijler/personal-tokens/vendor/phpunit/phpunit/src/Framework/TestCase.php(1317): P\\Tests\\Unit\\TokenCreatorTest->__pest_evaluable_it_should_handle_custom_generator_that_throws_exception()
#12 /home/joaopalopes/Development/Pijler/personal-tokens/vendor/phpunit/phpunit/src/Framework/TestCase.php(517): PHPUnit\\Framework\\TestCase->runTest()
#13 /home/joaopalopes/Development/Pijler/personal-tokens/vendor/phpunit/phpunit/src/Framework/TestRunner/TestRunner.php(99): PHPUnit\\Framework\\TestCase->runBare()
#14 /home/joaopalopes/Development/Pijler/personal-tokens/vendor/phpunit/phpunit/src/Framework/TestCase.php(357): PHPUnit\\Framework\\TestRunner->run()
#15 /home/joaopalopes/Development/Pijler/personal-tokens/vendor/phpunit/phpunit/src/Framework/TestSuite.php(374): PHPUnit\\Framework\\TestCase->run()
#16 /home/joaopalopes/Development/Pijler/personal-tokens/vendor/phpunit/phpunit/src/Framework/TestSuite.php(374): PHPUnit\\Framework\\TestSuite->run()
#17 /home/joaopalopes/Development/Pijler/personal-tokens/vendor/phpunit/phpunit/src/Framework/TestSuite.php(374): PHPUnit\\Framework\\TestSuite->run()
#18 /home/joaopalopes/Development/Pijler/personal-tokens/vendor/phpunit/phpunit/src/TextUI/TestRunner.php(64): PHPUnit\\Framework\\TestSuite->run()
#19 /home/joaopalopes/Development/Pijler/personal-tokens/vendor/phpunit/phpunit/src/TextUI/Application.php(229): PHPUnit\\TextUI\\TestRunner->run()
#20 /home/joaopalopes/Development/Pijler/personal-tokens/vendor/pestphp/pest/src/Kernel.php(103): PHPUnit\\TextUI\\Application->run()
#21 /home/joaopalopes/Development/Pijler/personal-tokens/vendor/pestphp/pest/bin/pest(184): Pest\\Kernel->handle()
#22 /home/joaopalopes/Development/Pijler/personal-tokens/vendor/pestphp/pest/bin/pest(192): {closure:/home/joaopalopes/Development/Pijler/personal-tokens/vendor/pestphp/pest/bin/pest:18}()
#23 /home/joaopalopes/Development/Pijler/personal-tokens/vendor/bin/pest(119): include('...')
#24 {main}
"} 
